#-----------------------------------------------------------
# Vivado v2024.1 (64-bit)
# SW Build 5076996 on Wed May 22 18:37:14 MDT 2024
# IP Build 5075265 on Wed May 22 21:45:21 MDT 2024
# SharedData Build 5076995 on Wed May 22 18:29:18 MDT 2024
# Start of session at: Thu Oct 10 12:06:53 2024
# Process ID: 2580
# Current directory: E:/dev/FPGA/Xlinx/communication_protocols_implementation/SPI/SPI.runs/synth_1
# Command line: vivado.exe -log SPI_master_read_TSM.vds -product Vivado -mode batch -messageDb vivado.pb -notrace -source SPI_master_read_TSM.tcl
# Log file: E:/dev/FPGA/Xlinx/communication_protocols_implementation/SPI/SPI.runs/synth_1/SPI_master_read_TSM.vds
# Journal file: E:/dev/FPGA/Xlinx/communication_protocols_implementation/SPI/SPI.runs/synth_1\vivado.jou
# Running On        :Baris
# Platform          :Windows Server 2016 or Windows 10
# Operating System  :19045
# Processor Detail  :Intel(R) Core(TM) i7-9700K CPU @ 3.60GHz
# CPU Frequency     :3600 MHz
# CPU Physical cores:8
# CPU Logical cores :8
# Host memory       :17119 MB
# Swap memory       :3758 MB
# Total Virtual     :20877 MB
# Available Virtual :4782 MB
#-----------------------------------------------------------
source SPI_master_read_TSM.tcl -notrace
